  ⚽ GOAL! 7' — Adri Vela (Hartwell City) [1–0]
  ⚽ GOAL! 19' — Percy (Hartwell City) [2–0]
  ⚽ GOAL! 22' — Dragan Novak (Hartwell City) [3–0]
  🟨 YELLOW CARD! 38' — P6 (Away)
  🟥🟨 SECOND YELLOW! 66' — P6 (Away) SENT OFF

=== Adri Vela anchor_y=10.8 ===
Pass origins: final-third (x>70) vs mid (35-70) vs own (<35):
  final_third  on-flank<=6m:  37  6-12m:  11  12-20m:   9  20m+ central:  11
  mid_third    on-flank<=6m:   0  6-12m:   0  12-20m:   0  20m+ central:   1
  final-third pass origins: n=68 mean|lateral|=9.7m
    x=97 y=48 dev=37.6
    x=84 y=44 dev=32.8
    x=93 y=40 dev=29.3
    x=97 y=40 dev=28.8
    x=103 y=38 dev=27.1
    x=103 y=38 dev=26.7
    x=85 y=37 dev=26.6
    x=103 y=37 dev=26.4
  mid-third pass origins:  n=1 mean|lateral|=23.2m
    x=52 y=34 dev=23.2

=== Percy anchor_y=57.2 ===
Pass origins: final-third (x>70) vs mid (35-70) vs own (<35):
  final_third  on-flank<=6m:  23  6-12m:  10  12-20m:   9  20m+ central:   9
  final-third pass origins: n=51 mean|lateral|=10.6m
    x=102 y=17 dev=40.0
    x=89 y=30 dev=27.1
    x=95 y=30 dev=26.8
    x=103 y=32 dev=25.5
    x=103 y=32 dev=25.5
    x=88 y=33 dev=24.3
    x=92 y=33 dev=24.0
    x=88 y=35 dev=22.5
