
======================================================================
AWAY_HIGH_PRESS
======================================================================
  🟨 YELLOW CARD! 29' — P9 (Away)
  🟨 YELLOW CARD! 30' — P3 (Away)
  🟥🟨 SECOND YELLOW! 34' — P3 (Away) SENT OFF
  🟨 YELLOW CARD! 48' — P8 (Away)
  🟨 YELLOW CARD! 64' — P5 (Away)
  🟥🟨 SECOND YELLOW! 72' — P5 (Away) SENT OFF
  🟨 YELLOW CARD! 75' — P2 (Away)
  🟨 YELLOW CARD! 88' — Mateo Sanz (Hartwell City)
  🟨 YELLOW CARD! 94' — P0 (Away)
  seed=1 Adri Vela    anchor_y=10.8   passes=55  mean|lateral|=8.3 postCARRY_passing_from=8.0(n=25) directReceive_pass_from=8.5(n=23) carries=31 dy_absmean=1.79
  seed=1 Percy        anchor_y=57.2   passes=37  mean|lateral|=7.2 postCARRY_passing_from=4.8(n=12) directReceive_pass_from=8.7(n=15) carries=18 dy_absmean=1.71
  🟨 YELLOW CARD! 53' — P9 (Away)
  🟨 YELLOW CARD! 88' — P6 (Away)
  ⚽ GOAL! 91' — Dragan Novak (Hartwell City) [1–0]
  seed=2 Adri Vela    anchor_y=10.8   passes=71  mean|lateral|=5.6 postCARRY_passing_from=3.7(n=26) directReceive_pass_from=5.1(n=29) carries=29 dy_absmean=1.06
  seed=2 Percy        anchor_y=57.2   passes=39  mean|lateral|=13.3 postCARRY_passing_from=8.5(n=14) directReceive_pass_from=12.5(n=15) carries=15 dy_absmean=2.15

  AVERAGE Adri Vela: mean lateral dev of pass origin = 7.0 m
  Adri Vela pass-origin distribution: {'0-6m on flank': 82, '6-12m half-space edge': 23, '12-20m inside': 9, '20-30m central': 9, '30m+ far central': 3}

  AVERAGE Percy: mean lateral dev of pass origin = 10.2 m
  Percy pass-origin distribution: {'0-6m on flank': 40, '6-12m half-space edge': 7, '12-20m inside': 15, '20-30m central': 10, '30m+ far central': 4}

======================================================================
AWAY_PARK_BUS
======================================================================
  ⚽ GOAL! 7' — Adri Vela (Hartwell City) [1–0]
Traceback (most recent call last):
  File "C:\Users\Trevor Majani\Downloads\plofa_checkpoint6\plofa\diag_winger_passmap.py", line 131, in <module>
    main()
    ~~~~^^
  File "C:\Users\Trevor Majani\Downloads\plofa_checkpoint6\plofa\diag_winger_passmap.py", line 106, in main
    res, stats = run_match(seed, away_style, away_press)
                 ~~~~~~~~~^^^^^^^^^^^^^^^^^^^^^^^^^^^^^^
  File "C:\Users\Trevor Majani\Downloads\plofa_checkpoint6\plofa\diag_winger_passmap.py", line 29, in run_match
    result = engine.simulate()
  File "C:\Users\Trevor Majani\Downloads\plofa_checkpoint6\plofa\match_engine.py", line 1299, in simulate
    _run_minute(minute)
    ~~~~~~~~~~~^^^^^^^^
  File "C:\Users\Trevor Majani\Downloads\plofa_checkpoint6\plofa\match_engine.py", line 1145, in _run_minute
    self._simulate_minute(minute, TeamStyle)
    ~~~~~~~~~~~~~~~~~~~~~^^^^^^^^^^^^^^^^^^^
  File "C:\Users\Trevor Majani\Downloads\plofa_checkpoint6\plofa\match_engine.py", line 1758, in _simulate_minute
    if self._absorb_chain(poss_result, minute): break
       ~~~~~~~~~~~~~~~~~~^^^^^^^^^^^^^^^^^^^^^
  File "C:\Users\Trevor Majani\Downloads\plofa_checkpoint6\plofa\match_engine.py", line 2284, in _absorb_chain
    self.threat.observe_event(
    ~~~~~~~~~~~~~~~~~~~~~~~~~^
        event, minute,
        ^^^^^^^^^^^^^^
        near_counts=self._near_ball_counts(bx, by),
        ^^^^^^^^^^^^^^^^^^^^^^^^^^^^^^^^^^^^^^^^^^^
    )
    ^
  File "C:\Users\Trevor Majani\Downloads\plofa_checkpoint6\plofa\threat_engine.py", line 565, in observe_event
    a = assess(bx, by, goal_x,
               attackers_near=att,
               defenders_near=dfd,
               approach=approach)
  File "C:\Users\Trevor Majani\Downloads\plofa_checkpoint6\plofa\threat_engine.py", line 207, in assess
    level=round(level, 1),
          ~~~~~^^^^^^^^^^
KeyboardInterrupt
